// Vitest Snapshot v1, https://vitest.dev/guide/snapshot.html

exports[`TeamComparisonView > snapshot > tab navigation matches snapshot 1`] = `"<div class="tab-navigation"><button class="tab-btn" disabled="">⚔️ Team Comparison</button><button class="tab-btn active">🏁 Driver Standings</button><button class="tab-btn">🏆 Constructor Standings</button></div>"`;
